// Jest Snapshot v1, https://goo.gl/fbAQLP

exports[`Credit renders properly 1`] = `ShallowWrapper {}`;
