// Jest Snapshot v1, https://goo.gl/fbAQLP

exports[`Wallet renders porperly 1`] = `ShallowWrapper {}`;
